// Jest Snapshot v1, https://goo.gl/fbAQLP

exports[`cat list.txt 1`] = `"\`\`\`txt title=test/list.txt"`;

exports[`cat list.txt 2`] = `
"apple
banana
cat
"
`;

exports[`cat list.txt 3`] = `"\`\`\`"`;
